429.875257 0.000000
-20.796916 0.000000
-0.302347 -1.975032
-0.302347 1.975032
-1.113821 0.000000
-0.359826 0.000000
